// Jest Snapshot v1, https://goo.gl/fbAQLP

exports[`utils: getRemarkData should take a remark string and turn into json 1`] = `
Object {
  "collection": "241B8516516F381A-OKSM",
  "metadata": "ipfs://ipfs/QmXwp5VsPmTdWvFKmc9VwnFkp9jN6ktFiKc5tSMHCuN4pW",
  "name": "Kusama Octahedron",
  "sn": "0000000000000004",
  "transferable": 1,
}
`;

exports[`utils: getRemarksFromBlocks should return remarks from blocks 1`] = `
Array [
  Object {
    "block": 4892957,
    "caller": "DmUVjSi8id22vcH26btyVsVq39p8EVPiepdBEYhzoLL8Qby",
    "extra_ex": undefined,
    "interaction_type": "MINT",
    "remark": "rmrk::MINT::{\\"version\\"%3A\\"RMRK0.1\\"%2C\\"name\\"%3A\\"Genesis limited edition obxium art NFTs on Kusama blockchain\\"%2C\\"max\\"%3A5%2C\\"issuer\\"%3A\\"DmUVjSi8id22vcH26btyVsVq39p8EVPiepdBEYhzoLL8Qby\\"%2C\\"symbol\\"%3A\\"OKSM\\"%2C\\"id\\"%3A\\"241B8516516F381A-OKSM\\"%2C\\"metadata\\"%3A\\"ipfs%3A//ipfs/QmTcaAPWPY5NinmCdDJAi6YFmyag41UEy4SpE1jn4Xdhnx\\"}",
    "version": "0.1",
  },
  Object {
    "block": 4892977,
    "caller": "DmUVjSi8id22vcH26btyVsVq39p8EVPiepdBEYhzoLL8Qby",
    "extra_ex": undefined,
    "interaction_type": "MINTNFT",
    "remark": "rmrk::MINTNFT::{\\"collection\\"%3A\\"241B8516516F381A-OKSM\\"%2C\\"name\\"%3A\\"Kusama Cube\\"%2C\\"transferable\\"%3A1%2C\\"sn\\"%3A\\"0000000000000001\\"%2C\\"metadata\\"%3A\\"ipfs%3A//ipfs/QmQGFnoHCRtAcPaWcoiTHHTJ7TEhrpur5WbZSjZdeY3bEp\\"}",
    "version": "0.1",
  },
  Object {
    "block": 4893005,
    "caller": "DmUVjSi8id22vcH26btyVsVq39p8EVPiepdBEYhzoLL8Qby",
    "extra_ex": undefined,
    "interaction_type": "MINTNFT",
    "remark": "rmrk::MINTNFT::{\\"collection\\"%3A\\"241B8516516F381A-OKSM\\"%2C\\"name\\"%3A\\"Kusama Dodecahedron\\"%2C\\"transferable\\"%3A1%2C\\"sn\\"%3A\\"0000000000000003\\"%2C\\"metadata\\"%3A\\"ipfs%3A//ipfs/QmUn5sn7rZwzoT65KZZ3pfmE9SoeK556R1z7715yqYWvHW\\"}",
    "version": "0.1",
  },
  Object {
    "block": 4893017,
    "caller": "DmUVjSi8id22vcH26btyVsVq39p8EVPiepdBEYhzoLL8Qby",
    "extra_ex": undefined,
    "interaction_type": "MINTNFT",
    "remark": "rmrk::MINTNFT::{\\"collection\\"%3A\\"241B8516516F381A-OKSM\\"%2C\\"name\\"%3A\\"Kusama Octahedron\\"%2C\\"transferable\\"%3A1%2C\\"sn\\"%3A\\"0000000000000004\\"%2C\\"metadata\\"%3A\\"ipfs%3A//ipfs/QmXwp5VsPmTdWvFKmc9VwnFkp9jN6ktFiKc5tSMHCuN4pW\\"}",
    "version": "0.1",
  },
  Object {
    "block": 4893031,
    "caller": "DmUVjSi8id22vcH26btyVsVq39p8EVPiepdBEYhzoLL8Qby",
    "extra_ex": undefined,
    "interaction_type": "MINTNFT",
    "remark": "rmrk::MINTNFT::{\\"collection\\"%3A\\"241B8516516F381A-OKSM\\"%2C\\"name\\"%3A\\"Kusama Icosahedron\\"%2C\\"transferable\\"%3A1%2C\\"sn\\"%3A\\"0000000000000005\\"%2C\\"metadata\\"%3A\\"ipfs%3A//ipfs/QmS4mDbM1nT2bdqr3su8GWtJSRxWTdtA5NGjg55xjXqdRX\\"}",
    "version": "0.1",
  },
  Object {
    "block": 4893349,
    "caller": "DmUVjSi8id22vcH26btyVsVq39p8EVPiepdBEYhzoLL8Qby",
    "extra_ex": undefined,
    "interaction_type": "SEND",
    "remark": "rmrk::SEND::0.1::241B8516516F381A-OKSM-Kusama%20Cube-0000000000000001%3A%3ACpjsLDC1JFyrhm3ftC9Gs4QoyrkHKhZKtK7YqGTRFtTafgp",
    "version": "0.1",
  },
  Object {
    "block": 4960562,
    "caller": "DmUVjSi8id22vcH26btyVsVq39p8EVPiepdBEYhzoLL8Qby",
    "extra_ex": undefined,
    "interaction_type": "SEND",
    "remark": "rmrk::SEND::0.1::241B8516516F381A-OKSM-Kusama%20Tetrahedron-0000000000000002%3A%3AFac4Kv1dQYWTSt4TqU2SiKuLXs8Sj4qwsXNqdDAvYicmiu9",
    "version": "0.1",
  },
  Object {
    "block": 6302530,
    "caller": "DUyAjx5KwFrv7JbdUtvTzvHJFsTaEzzgyeVTUp9TjatS8Lx",
    "extra_ex": undefined,
    "interaction_type": "MINTNFT",
    "remark": "RMRK::MINTNFT::RMRK1.0.0::{\\"collection\\"%3A\\"282781680602E07B32-FUT\\"%2C\\"sn\\"%3A\\"0000000000000001\\"%2C\\"transferable\\"%3A1%2C\\"name\\"%3A\\"Future %231\\"%2C\\"metadata\\"%3A\\"ipfs%3A%2F%2Fipfs%2FQmPgW6zX5Depv5QRmLXzGGVQ32XYrtJpFPmkUVxxhb5NA2\\"%2C\\"currentOwner\\"%3A\\"DUyAjx5KwFrv7JbdUtvTzvHJFsTaEzzgyeVTUp9TjatS8Lx\\"%2C\\"instance\\"%3A\\"FUTURE_1\\"}",
    "version": "0.1",
  },
  Object {
    "block": 6302581,
    "caller": "DUyAjx5KwFrv7JbdUtvTzvHJFsTaEzzgyeVTUp9TjatS8Lx",
    "extra_ex": undefined,
    "interaction_type": "MINTNFT",
    "remark": "RMRK::MINTNFT::RMRK1.0.0::{\\"collection\\"%3A\\"282781680602E07B32-FUT\\"%2C\\"sn\\"%3A\\"0000000000000003\\"%2C\\"transferable\\"%3A1%2C\\"name\\"%3A\\"Blade runner\\"%2C\\"metadata\\"%3A\\"ipfs%3A%2F%2Fipfs%2FQmUg7a7juDxc7hfk7cuY5scx7StXbXHJfHEHB3FUQxJBKJ\\"%2C\\"currentOwner\\"%3A\\"DUyAjx5KwFrv7JbdUtvTzvHJFsTaEzzgyeVTUp9TjatS8Lx\\"%2C\\"instance\\"%3A\\"BLADE_RUNNER\\"}",
    "version": "0.1",
  },
  Object {
    "block": 6302622,
    "caller": "DUyAjx5KwFrv7JbdUtvTzvHJFsTaEzzgyeVTUp9TjatS8Lx",
    "extra_ex": undefined,
    "interaction_type": "MINT",
    "remark": "RMRK::MINT::RMRK1.0.0::{\\"name\\"%3A\\"Future%232\\"%2C\\"max\\"%3A3%2C\\"symbol\\"%3A\\"FUT\\"%2C\\"version\\"%3A\\"RMRK1.0.0\\"%2C\\"issuer\\"%3A\\"DUyAjx5KwFrv7JbdUtvTzvHJFsTaEzzgyeVTUp9TjatS8Lx\\"%2C\\"metadata\\"%3A\\"ipfs%3A%2F%2Fipfs%2FQmNMgKU9GnSam44k8xzif21f91S2GSWR5ATZbPQFsji8aD\\"%2C\\"id\\"%3A\\"282781680602E07B32-FUT\\"}",
    "version": "0.1",
  },
]
`;
