// Jest Snapshot v1, https://goo.gl/fbAQLP

exports[`rmrk2.0.0 Consolidator: CREATE BASE should correctly create a Base 1`] = `
Object {
  "bases": Object {
    "base-2-KBASE777": Object {
      "block": 2,
      "changes": Array [],
      "id": "base-2-KBASE777",
      "issuer": "HNZata7iMYWmk5RvZRTiAsSDhV8366zq2YGb3tLH5Upf74F",
      "parts": Array [
        Object {
          "equippable": Array [],
          "id": "background",
          "type": "slot",
          "z": 0,
        },
        Object {
          "equippable": Array [
            "d43593c715a56da27d-KANARIABIRDS",
          ],
          "id": "backpack",
          "type": "slot",
          "z": 1,
        },
        Object {
          "id": "tail",
          "src": "ipfs://ipfs/QmcEuigDVCScMLs2dcrJ8qU4Q265xGisUyKeYdnnGFn6AE/var3_tail.svg",
          "type": "fixed",
          "z": 2,
        },
      ],
      "symbol": "KBASE777",
      "themes": Object {
        "themeOne": Object {
          "_inherit": true,
          "primary": "#fff",
        },
      },
      "type": "svg",
    },
  },
  "collections": Object {},
  "invalid": Array [],
  "nfts": Object {},
}
`;
