// Jest Snapshot v1, https://goo.gl/fbAQLP

exports[`rmrk2.0.0 Consolidator: THEMEADD Add theme to a base 1`] = `
{
  "bases": {
    "base-4-KBASE777": {
      "block": 4,
      "changes": [],
      "id": "base-4-KBASE777",
      "issuer": "HNZata7iMYWmk5RvZRTiAsSDhV8366zq2YGb3tLH5Upf74F",
      "metadata": undefined,
      "parts": [
        {
          "equippable": [],
          "id": "background",
          "type": "slot",
          "z": 0,
        },
        {
          "equippable": [
            "d43593c715a56da27d-KANARIABIRDS",
          ],
          "id": "backpack",
          "type": "slot",
          "z": 1,
        },
        {
          "id": "tail",
          "src": "ipfs://ipfs/QmcEuigDVCScMLs2dcrJ8qU4Q265xGisUyKeYdnnGFn6AE/var3_tail.svg",
          "type": "fixed",
          "z": 2,
        },
      ],
      "symbol": "KBASE777",
      "themes": {
        "theme2": {
          "primaryColor": "#000",
        },
        "themeOne": {
          "_inherit": true,
          "primary": "#fff",
        },
      },
      "type": "svg",
    },
  },
  "collections": {
    "d43593c715a56da27d-KANARIABIRDS": Collection {
      "block": 2,
      "changes": [],
      "count": 1,
      "id": "d43593c715a56da27d-KANARIABIRDS",
      "issuer": "HNZata7iMYWmk5RvZRTiAsSDhV8366zq2YGb3tLH5Upf74F",
      "max": 0,
      "metadata": "https://some.url",
      "symbol": "KANARIABIRDS",
    },
  },
  "invalid": [],
  "nfts": {
    "3-d43593c715a56da27d-KANARIABIRDS-KANR-00000777": {
      "block": 3,
      "burned": "",
      "changes": [],
      "children": [],
      "collection": "d43593c715a56da27d-KANARIABIRDS",
      "forsale": 0n,
      "id": "3-d43593c715a56da27d-KANARIABIRDS-KANR-00000777",
      "metadata": undefined,
      "owner": "HNZata7iMYWmk5RvZRTiAsSDhV8366zq2YGb3tLH5Upf74F",
      "pending": false,
      "priority": [],
      "properties": {},
      "reactions": {},
      "resources": [],
      "rootowner": "HNZata7iMYWmk5RvZRTiAsSDhV8366zq2YGb3tLH5Upf74F",
      "sn": "00000777",
      "symbol": "KANR",
      "transferable": 1,
    },
  },
}
`;
