// Jest Snapshot v1, https://goo.gl/fbAQLP

exports[`tools: Consolidator should run consolidation from set of mixed valid and invalid blocks 647x_661x 1`] = `
Object {
  "collections": Array [
    Collection {
      "block": 6474270,
      "changes": Array [],
      "id": "10D77F8B699437BB50-KODA",
      "issuer": "CxQJNQeowRUJBgUHQpspudWy4BU6Rk2u93yDZEKe6GzcLDe",
      "max": 5,
      "metadata": "ipfs://ipfs/QmT32qQoH6pQKzykicWmWasGzTMmeRpeGd81VA9oT8Peyx",
      "name": "Tutorial How to mint NFT on KodaDot ",
      "symbol": "KODA",
    },
    Collection {
      "block": 6475357,
      "changes": Array [],
      "id": "26769B0B8E5FBE4D11-KSM",
      "issuer": "DSka3tR2TWDcrkpME8xyuG4uG8HG63xwkDML9RUTExi5Pvu",
      "max": 1,
      "metadata": "ipfs://ipfs/QmRuDJoXUexB7dfUC6dmhJQnL5hTqVkw3dSggPfrqR5eHU",
      "name": "Kanara",
      "symbol": "KSM",
    },
    Collection {
      "block": 6505426,
      "changes": Array [],
      "id": "6AABB1AE03E3CD1C38-SPK",
      "issuer": "EzBbbkaPEmYKFrncQrYDZ6RdArAtZEKm3GdhcJY1SiM5SJC",
      "max": 10,
      "metadata": "ipfs://ipfs/QmXz3QEXTtxYRNTufo229rSaQjcb4Ufqjg5Ukgx8bfrTmM",
      "name": "FLQazPmRL66Z1WtVkJxgYRyzzDRWTJWnzpNSDatDeiyW6Cm",
      "symbol": "SPK",
    },
    Collection {
      "block": 6506030,
      "changes": Array [],
      "id": "0E54E51D92AECA5749-KSM",
      "issuer": "Cu7QaEnRGPE91WvLduzUii2ZNa3jhMWtmB8SYwumycNRmoN",
      "max": 2,
      "metadata": "ipfs://ipfs/QmcKEzpFE1YMfV3GZZJui4jjbn6Z68mGkZA1Wt7Uw4x69t",
      "name": "Deception",
      "symbol": "KSM",
    },
    Collection {
      "block": 6544949,
      "changes": Array [],
      "id": "26D6484336C010812D-NFTORIGIN",
      "issuer": "DTEzX9Njj4GTSmTMfg2oc32bE5g7U8eNrecK3BffBk9yu6X",
      "max": 10,
      "metadata": "ipfs://ipfs/QmbLbxvXCdBUMo79fYvJFPvKSooAW2VD5Nh44qhmEg1QsE",
      "name": "NFT Original Art",
      "symbol": "NFTORIGIN",
    },
    Collection {
      "block": 6572266,
      "changes": Array [],
      "id": "0E76E3AC15B4C1FA1E-MACROCOSM",
      "issuer": "CuHWHNcBt3ASMVSJmcJyiBWGxxiWLyjYoYbGjfhL4ovoeSd",
      "max": 100,
      "metadata": "ipfs://ipfs/QmQwbxgNDe3iFyMMyjKtx8WyMmQY2Vgn8WJ4xtzi77tTkG",
      "name": "Macrocosm",
      "symbol": "MACROCOSM",
    },
    Collection {
      "block": 6573540,
      "changes": Array [],
      "id": "C81C02FED1334A5F2D-IVT",
      "issuer": "H6hR5UTVBosuPQhe6gJv7MifpV18PyMgD7Txk2Na3TFi59r",
      "max": 15,
      "metadata": "ipfs://ipfs/QmNzCUcZMv73hkqrDp61vcywd378fsmKxhncZyS7G5EizA",
      "name": "ivtanart",
      "symbol": "IVT",
    },
    Collection {
      "block": 6608292,
      "changes": Array [],
      "id": "56CDD20D8C52C1D075-KISS",
      "issuer": "EY8n3D72AXj9EYyB5Nhxi9phvV8TtJAovySkUiNCZMoQ1VG",
      "max": 3,
      "metadata": "ipfs://ipfs/QmVdUv4oJvWMaERusr2S6AYW6LSiuuvfCDyowSvv8iUo8T",
      "name": "Kiss",
      "symbol": "KISS",
    },
    Collection {
      "block": 6616197,
      "changes": Array [],
      "id": "B45FFFBEFBE527E025-NFT",
      "issuer": "GepeveNVCWz7K8JntefQVwUUmKtXkTXUUEpv9VrXEUyuDuX",
      "max": 1,
      "metadata": "ipfs://ipfs/QmWJ3LP2zzUZX6KqvuD8wB1uKrPG8Au85Usy6gk5iohB84",
      "name": "NFT - Lonely Artist ",
      "symbol": "NFT",
    },
    Collection {
      "block": 6616708,
      "changes": Array [],
      "id": "0E76E3AC15B4C1FA1E-GLITCH",
      "issuer": "CuHWHNcBt3ASMVSJmcJyiBWGxxiWLyjYoYbGjfhL4ovoeSd",
      "max": 1000,
      "metadata": "ipfs://ipfs/QmYmS6pbKw9kDDYxntgXSWRsKJ1Pd1BT5AoBxHBbHYUgZZ",
      "name": "GLITCH",
      "symbol": "GLITCH",
    },
  ],
  "invalid": Array [
    Object {
      "block": 6475109,
      "caller": "DSka3tR2TWDcrkpME8xyuG4uG8HG63xwkDML9RUTExi5Pvu",
      "message": "[BUY] Attempting to buy non-existant NFT 6309833-282781680602E07B32-BIR-BIRTH_1-0000000000000001",
      "object_id": "6309833-282781680602E07B32-BIR-BIRTH_1-0000000000000001",
      "op_type": "BUY",
    },
    Object {
      "block": 6476709,
      "caller": "Dx6nVUy6f2znn4ZwNZ3TGbEyUz3FLbCRGQGKAut4LxjCVRs",
      "message": "NFT referencing non-existant parent collection 3CD8C53D036D48B952-BSY",
      "object_id": "6476709-3CD8C53D036D48B952-BSY-BEACON_SYMPHONY-0000000000000001",
      "op_type": "MINTNFT",
    },
    Object {
      "block": 6477659,
      "caller": "HPSgWwpjnMe9oyBq4t2dA3dRTU8PwDAU32q6E76xjFDDrEX",
      "message": "NFT referencing non-existant parent collection D4E195CCE7ADB3F876-THEHOLYGHOST",
      "object_id": "6477659-D4E195CCE7ADB3F876-THEHOLYGHOST-THE_HOLY_GHOST-0000000000000001",
      "op_type": "MINTNFT",
    },
    Object {
      "block": 6478044,
      "caller": "CntenCt5AexCWWd2LnZwTg1jm1V9NFZQV9mkPLb29FwVbLR",
      "message": "[EMOTE] Attempting to emote on non-existant NFT 6225030-F4677F38191256A73F-KWS-KWS1-0000000000000001",
      "object_id": "6225030-F4677F38191256A73F-KWS-KWS1-0000000000000001",
      "op_type": "EMOTE",
    },
    Object {
      "block": 6478047,
      "caller": "CntenCt5AexCWWd2LnZwTg1jm1V9NFZQV9mkPLb29FwVbLR",
      "message": "[EMOTE] Attempting to emote on non-existant NFT 6225030-F4677F38191256A73F-KWS-KWS1-0000000000000001",
      "object_id": "6225030-F4677F38191256A73F-KWS-KWS1-0000000000000001",
      "op_type": "EMOTE",
    },
    Object {
      "block": 6478050,
      "caller": "CntenCt5AexCWWd2LnZwTg1jm1V9NFZQV9mkPLb29FwVbLR",
      "message": "[EMOTE] Attempting to emote on non-existant NFT 6225030-F4677F38191256A73F-KWS-KWS1-0000000000000001",
      "object_id": "6225030-F4677F38191256A73F-KWS-KWS1-0000000000000001",
      "op_type": "EMOTE",
    },
    Object {
      "block": 6479223,
      "caller": "Gkt9UMTYLQo493UTa9UkXxgo4sAVQLVxobkn4CVSaDaQesp",
      "message": "NFT referencing non-existant parent collection B8FF3A281F03B12E30-MAX",
      "object_id": "6479223-B8FF3A281F03B12E30-MAX-MAX-0000000000000001",
      "op_type": "MINTNFT",
    },
    Object {
      "block": 6487145,
      "caller": "HPSgWwpjnMe9oyBq4t2dA3dRTU8PwDAU32q6E76xjFDDrEX",
      "message": "[LIST] Attempting to list non-existant NFT 6477659-D4E195CCE7ADB3F876-THEHOLYGHOST-THE_HOLY_GHOST-0000000000000001",
      "object_id": "6477659-D4E195CCE7ADB3F876-THEHOLYGHOST-THE_HOLY_GHOST-0000000000000001",
      "op_type": "LIST",
    },
    Object {
      "block": 6490629,
      "caller": "DUyAjx5KwFrv7JbdUtvTzvHJFsTaEzzgyeVTUp9TjatS8Lx",
      "message": "[SEND] Attempting to send non-existant NFT 6407232-282781680602E07B32-SYBSTRA-SUBSTRAWARRIOR_1529-0000000000000001",
      "object_id": "6407232-282781680602E07B32-SYBSTRA-SUBSTRAWARRIOR_1529-0000000000000001",
      "op_type": "SEND",
    },
    Object {
      "block": 6490677,
      "caller": "Dx6nVUy6f2znn4ZwNZ3TGbEyUz3FLbCRGQGKAut4LxjCVRs",
      "message": "NFT referencing non-existant parent collection 3CD8C53D036D48B952-EAM",
      "object_id": "6490677-3CD8C53D036D48B952-EAM-EVOLUTION_AMENDED-0000000000000001",
      "op_type": "MINTNFT",
    },
    Object {
      "block": 6490876,
      "caller": "DUyAjx5KwFrv7JbdUtvTzvHJFsTaEzzgyeVTUp9TjatS8Lx",
      "message": "[CONSUME] Attempting to CONSUME non-existant NFT 6302581-282781680602E07B32-FUT-BLADE_RUNNER-0000000000000003",
      "object_id": "6302581-282781680602E07B32-FUT-BLADE_RUNNER-0000000000000003",
      "op_type": "CONSUME",
    },
    Object {
      "block": 6491145,
      "caller": "Effe22J6rJFsqgbKiEXP5SGZDWosx1FuEArt7PoKG9iFfoG",
      "message": "[LIST] Attempting to list non-existant NFT 6407232-282781680602E07B32-SYBSTRA-SUBSTRAWARRIOR_1529-0000000000000001",
      "object_id": "6407232-282781680602E07B32-SYBSTRA-SUBSTRAWARRIOR_1529-0000000000000001",
      "op_type": "LIST",
    },
    Object {
      "block": 6493833,
      "caller": "HtRTwHSP6fYC5PtCsJ7pG4H1hwyPhzXbtVTTVRJ6kvfPFe1",
      "message": "NFT referencing non-existant parent collection EAFB9AFD0964293B1A-STARPAUSE",
      "object_id": "6493833-EAFB9AFD0964293B1A-STARPAUSE-@WIFISLILANGEL_@STARPAUSE-0000000000000006",
      "op_type": "MINTNFT",
    },
    Object {
      "block": 6496696,
      "caller": "HtRTwHSP6fYC5PtCsJ7pG4H1hwyPhzXbtVTTVRJ6kvfPFe1",
      "message": "NFT referencing non-existant parent collection EAFB9AFD0964293B1A-STARPAUSE",
      "object_id": "6496696-EAFB9AFD0964293B1A-STARPAUSE-@WIFISLILANGEL_@STARPAUSE-0000000000000007",
      "op_type": "MINTNFT",
    },
    Object {
      "block": 6499444,
      "caller": "HtRTwHSP6fYC5PtCsJ7pG4H1hwyPhzXbtVTTVRJ6kvfPFe1",
      "message": "[CONSUME] Attempting to CONSUME non-existant NFT 6493833-EAFB9AFD0964293B1A-STARPAUSE-@WIFISLILANGEL_@STARPAUSE-0000000000000006",
      "object_id": "6493833-EAFB9AFD0964293B1A-STARPAUSE-@WIFISLILANGEL_@STARPAUSE-0000000000000006",
      "op_type": "CONSUME",
    },
    Object {
      "block": 6504199,
      "caller": "Dx6nVUy6f2znn4ZwNZ3TGbEyUz3FLbCRGQGKAut4LxjCVRs",
      "message": "NFT referencing non-existant parent collection 3CD8C53D036D48B952-SGO",
      "object_id": "6504199-3CD8C53D036D48B952-SGO-STRATEGIEN_GEGEN_OBSKURITAT-0000000000000001",
      "op_type": "MINTNFT",
    },
    Object {
      "block": 6508546,
      "caller": "D5QWdFqn5FUaGFvgKGKtx8X4z1PVuXo8ZoGdhhCwc1vGJ3e",
      "message": "[LIST] Attempting to list non-existant NFT 162EED6925BC5CC27B-SELF-Self Portrait 1-0000000000000001",
      "object_id": "162EED6925BC5CC27B-SELF-Self Portrait 1-0000000000000001",
      "op_type": "LIST",
    },
    Object {
      "block": 6508558,
      "caller": "D5QWdFqn5FUaGFvgKGKtx8X4z1PVuXo8ZoGdhhCwc1vGJ3e",
      "message": "[LIST] Attempting to list non-existant NFT 162EED6925BC5CC27B-SINS-Substrapunk Lust-0000000000000001",
      "object_id": "162EED6925BC5CC27B-SINS-Substrapunk Lust-0000000000000001",
      "op_type": "LIST",
    },
    Object {
      "block": 6517521,
      "caller": "Effe22J6rJFsqgbKiEXP5SGZDWosx1FuEArt7PoKG9iFfoG",
      "message": "[LIST] Attempting to list non-existant NFT 6407232-282781680602E07B32-SYBSTRA-SUBSTRAWARRIOR_1529-0000000000000001",
      "object_id": "6407232-282781680602E07B32-SYBSTRA-SUBSTRAWARRIOR_1529-0000000000000001",
      "op_type": "LIST",
    },
    Object {
      "block": 6517602,
      "caller": "CxQJNQeowRUJBgUHQpspudWy4BU6Rk2u93yDZEKe6GzcLDe",
      "message": "NFT referencing non-existant parent collection 10D77F8B699437BB50-GLT",
      "object_id": "6517602-10D77F8B699437BB50-GLT-ORANGE_SMOFS-0000000000000001",
      "op_type": "MINTNFT",
    },
    Object {
      "block": 6519420,
      "caller": "Dx6nVUy6f2znn4ZwNZ3TGbEyUz3FLbCRGQGKAut4LxjCVRs",
      "message": "NFT referencing non-existant parent collection 3CD8C53D036D48B952-ZZZ",
      "object_id": "6519420-3CD8C53D036D48B952-ZZZ-Z_IS_AN_ACRONYM_FOR_ZIP-0000000000000001",
      "op_type": "MINTNFT",
    },
    Object {
      "block": 6532359,
      "caller": "Dx6nVUy6f2znn4ZwNZ3TGbEyUz3FLbCRGQGKAut4LxjCVRs",
      "message": "NFT referencing non-existant parent collection 3CD8C53D036D48B952-TBC",
      "object_id": "6532359-3CD8C53D036D48B952-TBC-TRANSMIGRATION_BOOTH_SITUATION-0000000000000001",
      "op_type": "MINTNFT",
    },
    Object {
      "block": 6538112,
      "caller": "DmUVjSi8id22vcH26btyVsVq39p8EVPiepdBEYhzoLL8Qby",
      "message": "NFT referencing non-existant parent collection 34BE282B68C3F03135-BIGP",
      "object_id": "6538112-34BE282B68C3F03135-BIGP-KOPOS-0000000000000001",
      "op_type": "MINTNFT",
    },
    Object {
      "block": 6544799,
      "caller": "DAttPpMwQYz4neRnC3kskVfv9h26ivdKxELjP2LPdCYx4R4",
      "message": "[LIST] Attempting to list non-existant NFT 6302518-282781680602E07B32-FUT-FUTURE_1-0000000000000001",
      "object_id": "6302518-282781680602E07B32-FUT-FUTURE_1-0000000000000001",
      "op_type": "LIST",
    },
    Object {
      "block": 6546060,
      "caller": "DTEzX9Njj4GTSmTMfg2oc32bE5g7U8eNrecK3BffBk9yu6X",
      "message": "[BUY] Attempting to buy not-for-sale NFT 6545072-26D6484336C010812D-NFTORIGIN-NFT_ORIGINAL_ART_001_BROWN_LIMITED_EDITION-0000000000000001",
      "object_id": "6545072-26D6484336C010812D-NFTORIGIN-NFT_ORIGINAL_ART_001_BROWN_LIMITED_EDITION-0000000000000001",
      "op_type": "BUY",
    },
    Object {
      "block": 6546088,
      "caller": "EzDPZK9taNcSNipFFkStk8RvF3ai4fiY1do9aPM5VmGQDC9",
      "message": "[BUY] Attempting to buy not-for-sale NFT 6545072-26D6484336C010812D-NFTORIGIN-NFT_ORIGINAL_ART_001_BROWN_LIMITED_EDITION-0000000000000001",
      "object_id": "6545072-26D6484336C010812D-NFTORIGIN-NFT_ORIGINAL_ART_001_BROWN_LIMITED_EDITION-0000000000000001",
      "op_type": "BUY",
    },
    Object {
      "block": 6546204,
      "caller": "Dx6nVUy6f2znn4ZwNZ3TGbEyUz3FLbCRGQGKAut4LxjCVRs",
      "message": "NFT referencing non-existant parent collection 3CD8C53D036D48B952-HEV",
      "object_id": "6546204-3CD8C53D036D48B952-HEV-HASTY_EVACUATION-0000000000000001",
      "op_type": "MINTNFT",
    },
    Object {
      "block": 6546568,
      "caller": "DTEzX9Njj4GTSmTMfg2oc32bE5g7U8eNrecK3BffBk9yu6X",
      "message": "NFT referencing non-existant parent collection 26D6484336C010812D-NFT-ORIGIN-SPECIAL",
      "object_id": "6546568-26D6484336C010812D-NFT-ORIGIN-SPECIAL-NFT_ORIGINAL_ART_PALE_BLUE_LIMITED_EDITION-0000000000000001",
      "op_type": "MINTNFT",
    },
    Object {
      "block": 6550358,
      "caller": "GHTohCLUcLyB8w4xMr4TyDkvUzDnim6fadWfJ7edPke971d",
      "message": "NFT referencing non-existant parent collection A415A980467FC07C05-ANS",
      "object_id": "6550358-A415A980467FC07C05-ANS-3DLANDSCAPE-0000000000000001",
      "op_type": "MINTNFT",
    },
    Object {
      "block": 6550437,
      "caller": "GHTohCLUcLyB8w4xMr4TyDkvUzDnim6fadWfJ7edPke971d",
      "message": "[LIST] Attempting to list non-existant NFT 6550358-A415A980467FC07C05-ANS-3DLANDSCAPE-0000000000000001",
      "object_id": "6550358-A415A980467FC07C05-ANS-3DLANDSCAPE-0000000000000001",
      "op_type": "LIST",
    },
    Object {
      "block": 6560444,
      "caller": "ELr5kfiXkuWXcDpcEnoqvNAQ1uWkNSyMCy4xoPe8RE98tLW",
      "message": "NFT referencing non-existant parent collection 4E31EC10CBAA050738-ETHERDOG",
      "object_id": "6560444-4E31EC10CBAA050738-ETHERDOG-ETHER_DOG-0000000000000001",
      "op_type": "MINTNFT",
    },
    Object {
      "block": 6560556,
      "caller": "ELr5kfiXkuWXcDpcEnoqvNAQ1uWkNSyMCy4xoPe8RE98tLW",
      "message": "[LIST] Attempting to list non-existant NFT 6560444-4E31EC10CBAA050738-ETHERDOG-ETHER_DOG-0000000000000001",
      "object_id": "6560444-4E31EC10CBAA050738-ETHERDOG-ETHER_DOG-0000000000000001",
      "op_type": "LIST",
    },
    Object {
      "block": 6561067,
      "caller": "DAttPpMwQYz4neRnC3kskVfv9h26ivdKxELjP2LPdCYx4R4",
      "message": "[EMOTE] Attempting to emote on non-existant NFT 6504199-3CD8C53D036D48B952-SGO-STRATEGIEN_GEGEN_OBSKURITAT-0000000000000001",
      "object_id": "6504199-3CD8C53D036D48B952-SGO-STRATEGIEN_GEGEN_OBSKURITAT-0000000000000001",
      "op_type": "EMOTE",
    },
    Object {
      "block": 6562186,
      "caller": "Dx6nVUy6f2znn4ZwNZ3TGbEyUz3FLbCRGQGKAut4LxjCVRs",
      "message": "NFT referencing non-existant parent collection 3CD8C53D036D48B952-ASC",
      "object_id": "6562186-3CD8C53D036D48B952-ASC-AB_AQUA_SILENTE_CAVE-0000000000000001",
      "op_type": "MINTNFT",
    },
    Object {
      "block": 6564593,
      "caller": "DAttPpMwQYz4neRnC3kskVfv9h26ivdKxELjP2LPdCYx4R4",
      "message": "[LIST] Attempting to list non-existant NFT 6302518-282781680602E07B32-FUT-FUTURE_1-0000000000000001",
      "object_id": "6302518-282781680602E07B32-FUT-FUTURE_1-0000000000000001",
      "op_type": "LIST",
    },
    Object {
      "block": 6572635,
      "caller": "DuANeWRbgoSQ5Fq3KtEu4LL3HS49Mmoqkk3EmAqBvLPeYKj",
      "message": "NFT referencing non-existant parent collection 3A9B1D934EB8D5A712-WIV",
      "object_id": "6572635-3A9B1D934EB8D5A712-WIV-LA_DAME_DE_MONTROSE_2017-0000000000000001",
      "op_type": "MINTNFT",
    },
    Object {
      "block": 6572680,
      "caller": "DuANeWRbgoSQ5Fq3KtEu4LL3HS49Mmoqkk3EmAqBvLPeYKj",
      "message": "[LIST] Attempting to list non-existant NFT 6572635-3A9B1D934EB8D5A712-WIV-LA_DAME_DE_MONTROSE_2017-0000000000000001",
      "object_id": "6572635-3A9B1D934EB8D5A712-WIV-LA_DAME_DE_MONTROSE_2017-0000000000000001",
      "op_type": "LIST",
    },
    Object {
      "block": 6576473,
      "caller": "Dx6nVUy6f2znn4ZwNZ3TGbEyUz3FLbCRGQGKAut4LxjCVRs",
      "message": "NFT referencing non-existant parent collection 3CD8C53D036D48B952-PC",
      "object_id": "6576473-3CD8C53D036D48B952-PC-PARASITIC_CYCLE-0000000000000001",
      "op_type": "MINTNFT",
    },
    Object {
      "block": 6576619,
      "caller": "Effe22J6rJFsqgbKiEXP5SGZDWosx1FuEArt7PoKG9iFfoG",
      "message": "[LIST] Attempting to list non-existant NFT 6407232-282781680602E07B32-SYBSTRA-SUBSTRAWARRIOR_1529-0000000000000001",
      "object_id": "6407232-282781680602E07B32-SYBSTRA-SUBSTRAWARRIOR_1529-0000000000000001",
      "op_type": "LIST",
    },
    Object {
      "block": 6586888,
      "caller": "EacNR1G8kKAapJqaq3NqkSGBPaLTHdgneG565Ra6ozEEasM",
      "message": "[BUY] Attempting to buy non-existant NFT 6572635-3A9B1D934EB8D5A712-WIV-LA_DAME_DE_MONTROSE_2017-0000000000000001",
      "object_id": "6572635-3A9B1D934EB8D5A712-WIV-LA_DAME_DE_MONTROSE_2017-0000000000000001",
      "op_type": "BUY",
    },
    Object {
      "block": 6587824,
      "caller": "Effe22J6rJFsqgbKiEXP5SGZDWosx1FuEArt7PoKG9iFfoG",
      "message": "NFT referencing non-existant parent collection 5C8C6D9B15906923D9-SUB",
      "object_id": "6587824-5C8C6D9B15906923D9-SUB-SUBSTRAWARRIOR_1393-0000000000000001",
      "op_type": "MINTNFT",
    },
    Object {
      "block": 6589760,
      "caller": "Dx6nVUy6f2znn4ZwNZ3TGbEyUz3FLbCRGQGKAut4LxjCVRs",
      "message": "NFT referencing non-existant parent collection 3CD8C53D036D48B952-FTS",
      "object_id": "6589760-3CD8C53D036D48B952-FTS-FORCED_TO_STOP-0000000000000001",
      "op_type": "MINTNFT",
    },
    Object {
      "block": 6590194,
      "caller": "Effe22J6rJFsqgbKiEXP5SGZDWosx1FuEArt7PoKG9iFfoG",
      "message": "[LIST] Attempting to list non-existant NFT 6587824-5C8C6D9B15906923D9-SUB-SUBSTRAWARRIOR_1393-0000000000000001",
      "object_id": "6587824-5C8C6D9B15906923D9-SUB-SUBSTRAWARRIOR_1393-0000000000000001",
      "op_type": "LIST",
    },
    Object {
      "block": 6603764,
      "caller": "Dx6nVUy6f2znn4ZwNZ3TGbEyUz3FLbCRGQGKAut4LxjCVRs",
      "message": "NFT referencing non-existant parent collection 3CD8C53D036D48B952-PRA",
      "object_id": "6603764-3CD8C53D036D48B952-PRA-PARTIAL_REASSEMBLY-0000000000000001",
      "op_type": "MINTNFT",
    },
    Object {
      "block": 6608259,
      "caller": "EY8n3D72AXj9EYyB5Nhxi9phvV8TtJAovySkUiNCZMoQ1VG",
      "message": "NFT referencing non-existant parent collection 56CDD20D8C52C1D075-ALEX",
      "object_id": "6608259-56CDD20D8C52C1D075-ALEX-ALEX-0000000000000001",
      "op_type": "MINTNFT",
    },
    Object {
      "block": 6608275,
      "caller": "EY8n3D72AXj9EYyB5Nhxi9phvV8TtJAovySkUiNCZMoQ1VG",
      "message": "[LIST] Attempting to list non-existant NFT 6608259-56CDD20D8C52C1D075-ALEX-ALEX-0000000000000001",
      "object_id": "6608259-56CDD20D8C52C1D075-ALEX-ALEX-0000000000000001",
      "op_type": "LIST",
    },
    Object {
      "block": 6608333,
      "caller": "EY8n3D72AXj9EYyB5Nhxi9phvV8TtJAovySkUiNCZMoQ1VG",
      "message": "[MINT] Attempt to mint already existing collection",
      "object_id": "56CDD20D8C52C1D075-KISS",
      "op_type": "MINT",
    },
    Object {
      "block": 6608382,
      "caller": "EY8n3D72AXj9EYyB5Nhxi9phvV8TtJAovySkUiNCZMoQ1VG",
      "message": "NFT referencing non-existant parent collection 56CDD20D8C52C1D075-BEEPLE",
      "object_id": "6608382-56CDD20D8C52C1D075-BEEPLE-EVERYDAYS_THE_FIRST_5000_DAYS-0000000000000001",
      "op_type": "MINTNFT",
    },
    Object {
      "block": 6608418,
      "caller": "EY8n3D72AXj9EYyB5Nhxi9phvV8TtJAovySkUiNCZMoQ1VG",
      "message": "NFT referencing non-existant parent collection 56CDD20D8C52C1D075-GORILLA",
      "object_id": "6608418-56CDD20D8C52C1D075-GORILLA-CRYPTOGORILLA-0000000000000001",
      "op_type": "MINTNFT",
    },
    Object {
      "block": 6608433,
      "caller": "EY8n3D72AXj9EYyB5Nhxi9phvV8TtJAovySkUiNCZMoQ1VG",
      "message": "[LIST] Attempting to list non-existant NFT 6608382-56CDD20D8C52C1D075-BEEPLE-EVERYDAYS_THE_FIRST_5000_DAYS-0000000000000001",
      "object_id": "6608382-56CDD20D8C52C1D075-BEEPLE-EVERYDAYS_THE_FIRST_5000_DAYS-0000000000000001",
      "op_type": "LIST",
    },
    Object {
      "block": 6608439,
      "caller": "EY8n3D72AXj9EYyB5Nhxi9phvV8TtJAovySkUiNCZMoQ1VG",
      "message": "[LIST] Attempting to list non-existant NFT 6608418-56CDD20D8C52C1D075-GORILLA-CRYPTOGORILLA-0000000000000001",
      "object_id": "6608418-56CDD20D8C52C1D075-GORILLA-CRYPTOGORILLA-0000000000000001",
      "op_type": "LIST",
    },
    Object {
      "block": 6618527,
      "caller": "Dx6nVUy6f2znn4ZwNZ3TGbEyUz3FLbCRGQGKAut4LxjCVRs",
      "message": "NFT referencing non-existant parent collection 3CD8C53D036D48B952-YKD",
      "object_id": "6618527-3CD8C53D036D48B952-YKD-YOU_KEEP_ON_DROWNING_WE_KEEP_ON_HAVING_FUN-0000000000000001",
      "op_type": "MINTNFT",
    },
  ],
  "nfts": Array [
    NFT {
      "block": 6474741,
      "burned": "",
      "changes": Array [],
      "collection": "10D77F8B699437BB50-KODA",
      "data": undefined,
      "forsale": 0n,
      "instance": "HOW_TO_UPLOAD_COLLECTION_OF_NFTS",
      "metadata": "ipfs://ipfs/QmdQeQMXuCS6TVBrFF7xhKf6cXzrcDzK9Ht36ZoqWBoYHS",
      "name": "How to Upload Collection of NFTs",
      "owner": "CxQJNQeowRUJBgUHQpspudWy4BU6Rk2u93yDZEKe6GzcLDe",
      "reactions": Object {},
      "sn": "0000000000000004",
      "transferable": 1,
    },
    NFT {
      "block": 6475453,
      "burned": "",
      "changes": Array [],
      "collection": "26769B0B8E5FBE4D11-KSM",
      "data": undefined,
      "forsale": 0n,
      "instance": "KANARA",
      "metadata": "ipfs://ipfs/QmdMw8QhZS4dezvcixHYVhtPFSErc98LEx3Hf6HXvgMknF",
      "name": "Kanara",
      "owner": "DSka3tR2TWDcrkpME8xyuG4uG8HG63xwkDML9RUTExi5Pvu",
      "reactions": Object {
        "1F496": Array [
          "Gkt9UMTYLQo493UTa9UkXxgo4sAVQLVxobkn4CVSaDaQesp",
        ],
      },
      "sn": "0000000000000001",
      "transferable": 1,
    },
    NFT {
      "block": 6506080,
      "burned": "",
      "changes": Array [
        Object {
          "block": 6506108,
          "caller": "Cu7QaEnRGPE91WvLduzUii2ZNa3jhMWtmB8SYwumycNRmoN",
          "field": "forsale",
          "new": 5000000000000n,
          "old": 0n,
        },
      ],
      "collection": "0E54E51D92AECA5749-KSM",
      "data": undefined,
      "forsale": 5000000000000n,
      "instance": "SHAPES_01_-_UNIQUE",
      "metadata": "ipfs://ipfs/QmVkeTFykLayAPXCozku411bVkjSS2xAyiuqznkkPy73yN",
      "name": "Shapes 01 - Unique",
      "owner": "Cu7QaEnRGPE91WvLduzUii2ZNa3jhMWtmB8SYwumycNRmoN",
      "reactions": Object {},
      "sn": "0000000000000001",
      "transferable": 1,
    },
    NFT {
      "block": 6545072,
      "burned": "",
      "changes": Array [
        Object {
          "block": 6545871,
          "caller": "DTEzX9Njj4GTSmTMfg2oc32bE5g7U8eNrecK3BffBk9yu6X",
          "field": "forsale",
          "new": 1000000000000n,
          "old": 0n,
        },
        Object {
          "block": 6546031,
          "caller": "DTEzX9Njj4GTSmTMfg2oc32bE5g7U8eNrecK3BffBk9yu6X",
          "field": "forsale",
          "new": 20000000000n,
          "old": 1000000000000n,
        },
        Object {
          "block": 6546038,
          "caller": "DTEzX9Njj4GTSmTMfg2oc32bE5g7U8eNrecK3BffBk9yu6X",
          "field": "owner",
          "new": "EzDPZK9taNcSNipFFkStk8RvF3ai4fiY1do9aPM5VmGQDC9",
          "old": "DTEzX9Njj4GTSmTMfg2oc32bE5g7U8eNrecK3BffBk9yu6X",
        },
        Object {
          "block": 6546038,
          "caller": "DTEzX9Njj4GTSmTMfg2oc32bE5g7U8eNrecK3BffBk9yu6X",
          "field": "forsale",
          "new": 0n,
          "old": 20000000000n,
        },
      ],
      "collection": "26D6484336C010812D-NFTORIGIN",
      "data": undefined,
      "forsale": 0n,
      "instance": "NFT_ORIGINAL_ART_001_BROWN_LIMITED_EDITION",
      "metadata": "ipfs://ipfs/QmYBJgr1xN3vozcByHxaz16TdsQR3n1XwXWpioetXTyDmw",
      "name": "NFT original Art #001 Brown Limited Edition",
      "owner": "EzDPZK9taNcSNipFFkStk8RvF3ai4fiY1do9aPM5VmGQDC9",
      "reactions": Object {},
      "sn": "0000000000000001",
      "transferable": 1,
    },
    NFT {
      "block": 6546909,
      "burned": "",
      "changes": Array [],
      "collection": "26D6484336C010812D-NFTORIGIN",
      "data": undefined,
      "forsale": 0n,
      "instance": "NFT_ORIGINAL_ART_PALE_GREEN_LIMITED_EDITION",
      "metadata": "ipfs://ipfs/QmT8dsByp3vsNZkhrCHJhFMqKa9FHBALZtzLqRuAW2sgiu",
      "name": "NFT original Art #??? Pale Green Limited Edition",
      "owner": "DTEzX9Njj4GTSmTMfg2oc32bE5g7U8eNrecK3BffBk9yu6X",
      "reactions": Object {},
      "sn": "0000000000000001",
      "transferable": 1,
    },
    NFT {
      "block": 6572370,
      "burned": "",
      "changes": Array [],
      "collection": "0E76E3AC15B4C1FA1E-MACROCOSM",
      "data": undefined,
      "forsale": 0n,
      "instance": "SOUND_OF_NATURE",
      "metadata": "ipfs://ipfs/Qmai5bpB2GMjtxpiKnEdpgjADTm5V7Puis8Wom2KFQJbwD",
      "name": "Sound of nature",
      "owner": "CuHWHNcBt3ASMVSJmcJyiBWGxxiWLyjYoYbGjfhL4ovoeSd",
      "reactions": Object {},
      "sn": "0000000000000001",
      "transferable": 1,
    },
    NFT {
      "block": 6573606,
      "burned": "",
      "changes": Array [],
      "collection": "C81C02FED1334A5F2D-IVT",
      "data": undefined,
      "forsale": 0n,
      "instance": "EAGLE",
      "metadata": "ipfs://ipfs/QmUFapvAh5nM7Qut8CZSowHH2ReqrbCYCG4ffk3z3viTzg",
      "name": "Eagle",
      "owner": "H6hR5UTVBosuPQhe6gJv7MifpV18PyMgD7Txk2Na3TFi59r",
      "reactions": Object {},
      "sn": "0000000000000001",
      "transferable": 1,
    },
    NFT {
      "block": 6608454,
      "burned": "",
      "changes": Array [
        Object {
          "block": 6608470,
          "caller": "EY8n3D72AXj9EYyB5Nhxi9phvV8TtJAovySkUiNCZMoQ1VG",
          "field": "forsale",
          "new": 10000000000000n,
          "old": 0n,
        },
      ],
      "collection": "56CDD20D8C52C1D075-KISS",
      "data": undefined,
      "forsale": 10000000000000n,
      "instance": "KISS",
      "metadata": "ipfs://ipfs/QmUXbDrVhu9qxu1mSLQnWZ1vBg7PjGNsh91TDXkWj1gsBL",
      "name": "Kiss",
      "owner": "EY8n3D72AXj9EYyB5Nhxi9phvV8TtJAovySkUiNCZMoQ1VG",
      "reactions": Object {},
      "sn": "0000000000000001",
      "transferable": 1,
    },
    NFT {
      "block": 6616268,
      "burned": "",
      "changes": Array [
        Object {
          "block": 6616336,
          "caller": "GepeveNVCWz7K8JntefQVwUUmKtXkTXUUEpv9VrXEUyuDuX",
          "field": "forsale",
          "new": 8000000000000n,
          "old": 0n,
        },
      ],
      "collection": "B45FFFBEFBE527E025-NFT",
      "data": undefined,
      "forsale": 8000000000000n,
      "instance": "NFT_-_LONELY_ARTIST",
      "metadata": "ipfs://ipfs/QmU9Aitc6mQg8fWLfy77tJcPwmmDbhe7vDzQ6BL1r5HkdD",
      "name": "NFT - Lonely Artist ",
      "owner": "GepeveNVCWz7K8JntefQVwUUmKtXkTXUUEpv9VrXEUyuDuX",
      "reactions": Object {},
      "sn": "0000000000000001",
      "transferable": 1,
    },
    NFT {
      "block": 6616739,
      "burned": "",
      "changes": Array [],
      "collection": "0E76E3AC15B4C1FA1E-GLITCH",
      "data": undefined,
      "forsale": 0n,
      "instance": "CAN'T_BE_OPENED_-609",
      "metadata": "ipfs://ipfs/Qmd5BZT6sZ2D37rCSmwiRVy67Cgx1Jirn4ghqnqPJV9BHJ",
      "name": "can't be opened -609",
      "owner": "CuHWHNcBt3ASMVSJmcJyiBWGxxiWLyjYoYbGjfhL4ovoeSd",
      "reactions": Object {},
      "sn": "0000000000000001",
      "transferable": 1,
    },
  ],
}
`;
