// Jest Snapshot v1, https://goo.gl/fbAQLP

exports[`rmrk2.0.0 Collection: Add change should match snapshot 1`] = `
NFT {
  "block": 0,
  "burned": "",
  "changes": Array [
    Object {
      "block": 0,
      "caller": "",
      "field": "",
      "new": "",
      "old": "",
      "opType": "CHANGEISSUER",
    },
  ],
  "children": null,
  "collection": "d43593c715a56da27d-KANARIABIRDS",
  "forsale": 0n,
  "metadata": undefined,
  "owner": "5GrwvaEF5zXb26Fz9rcQpDWS57CtERHpNehXCPcNoHGKutQY",
  "priority": Array [],
  "reactions": Object {},
  "resources": Array [],
  "rootowner": "",
  "sn": "0000000000000777",
  "symbol": "KANR",
  "transferable": 1,
}
`;

exports[`rmrk2.0.0 Nft: Add change should match snapshot 1`] = `
NFT {
  "block": 0,
  "burned": "",
  "changes": Array [
    Object {
      "block": 0,
      "caller": "",
      "field": "",
      "new": "",
      "old": "",
      "opType": "CHANGEISSUER",
    },
  ],
  "children": null,
  "collection": "d43593c715a56da27d-KANARIABIRDS",
  "forsale": 0n,
  "metadata": undefined,
  "owner": "5GrwvaEF5zXb26Fz9rcQpDWS57CtERHpNehXCPcNoHGKutQY",
  "priority": Array [],
  "reactions": Object {},
  "resources": Array [],
  "rootowner": "",
  "sn": "0000000000000777",
  "symbol": "KANR",
  "transferable": 1,
}
`;

exports[`rmrk2.0.0 Nft: Get id should match snapshot 1`] = `"1-d43593c715a56da27d-KANARIABIRDS-KANR-0000000000000777"`;

exports[`rmrk2.0.0 Nft: Mint should match snapshot 1`] = `"RMRK::MINT::2.0.0::%7B%22collection%22%3A%22d43593c715a56da27d-KANARIABIRDS%22%2C%22symbol%22%3A%22KANR%22%2C%22transferable%22%3A1%2C%22sn%22%3A%220000000000000777%22%7D::5FHneW46xGXgs5mUiveU4sbTyGBzmstUspZC92UhjJM694ty"`;
