// Jest Snapshot v1, https://goo.gl/fbAQLP

exports[`rmrk2.0.0 Consolidator: CREATE NFT CLASS should correctly create a NFT Collection 1`] = `
Object {
  "bases": Object {},
  "collections": Object {
    "d43593c715a56da27d-KANARIABIRDS": Collection {
      "block": 2,
      "changes": Array [],
      "id": "d43593c715a56da27d-KANARIABIRDS",
      "issuer": "HNZata7iMYWmk5RvZRTiAsSDhV8366zq2YGb3tLH5Upf74F",
      "max": 0,
      "metadata": "https://some.url",
      "symbol": "KANARIABIRDS",
    },
  },
  "invalid": Array [],
  "nfts": Object {},
}
`;
