// Jest Snapshot v1, https://goo.gl/fbAQLP

exports[`rmrk2.0.0 Consolidator: CREATE NFT CLASS should work 1`] = `
Object {
  "bases": Array [],
  "invalid": Array [],
  "nftclasses": Array [
    NftClass {
      "block": 0,
      "changes": Array [],
      "id": "classId",
      "issuer": "D6HSL6nGXHLYWSN8jiL9MSNixH2F2o382KkHsZAtfZvBnxM",
      "max": 0,
      "metadata": "https://some.url",
      "symbol": "KANARIABIRDS",
    },
  ],
  "nfts": Array [],
}
`;
