// Jest Snapshot v1, https://goo.gl/fbAQLP

exports[`utils: filterBlockByCollection should return blocks filter by collection - 900D19DC7D3C444E4C 1`] = `
[
  {
    "block": 6707036,
    "caller": "FqCJeGcPidYSsvvmT17fHVaYdE2nXMYgPsBn3CP9gugvZR5",
    "extra_ex": undefined,
    "interaction_type": "MINT",
    "remark": "RMRK::MINT::1.0.0::{"id"%3A"900D19DC7D3C444E4C-CNR"%2C"_id"%3A""%2C"symbol"%3A"CNR"%2C"issuer"%3A"FqCJeGcPidYSsvvmT17fHVaYdE2nXMYgPsBn3CP9gugvZR5"%2C"version"%3A"1.0.0"%2C"name"%3A"CANARY"%2C"max"%3A1%2C"metadata"%3A"ipfs%3A%2F%2Fipfs%2FQmQJGDSd6rxUZuTFDKaCKzVz6nvQpZ7yVLDLnz2dwvvjZs"}",
    "version": "1.0.0",
  },
  {
    "block": 6707036,
    "caller": "FqCJeGcPidYSsvvmT17fHVaYdE2nXMYgPsBn3CP9gugvZR5",
    "extra_ex": undefined,
    "interaction_type": "MINTNFT",
    "remark": "RMRK::MINTNFT::1.0.0::{"collection"%3A"900D19DC7D3C444E4C-CNR"%2C"sn"%3A"0000000000000001"%2C"transferable"%3A1%2C"name"%3A"CANARY"%2C"metadata"%3A"ipfs%3A%2F%2Fipfs%2FQmQJGDSd6rxUZuTFDKaCKzVz6nvQpZ7yVLDLnz2dwvvjZs"%2C"currentOwner"%3A"FqCJeGcPidYSsvvmT17fHVaYdE2nXMYgPsBn3CP9gugvZR5"%2C"instance"%3A"CANARY"}",
    "version": "1.0.0",
  },
  {
    "block": 6707146,
    "caller": "FqCJeGcPidYSsvvmT17fHVaYdE2nXMYgPsBn3CP9gugvZR5",
    "extra_ex": undefined,
    "interaction_type": "LIST",
    "remark": "RMRK::LIST::1.0.0::6707036-900D19DC7D3C444E4C-CNR-CANARY-0000000000000001::150000000000",
    "version": "1.0.0",
  },
  {
    "block": 6711745,
    "caller": "F87P5Ab1QFq68a2tCq2N7TSmkfDUtG7EYUecgSBaYRFeCnf",
    "extra_ex": undefined,
    "interaction_type": "EMOTE",
    "remark": "RMRK::EMOTE::1.0.0::6707036-900D19DC7D3C444E4C-CNR-CANARY-0000000000000001::1F496",
    "version": "1.0.0",
  },
  {
    "block": 6711776,
    "caller": "F87P5Ab1QFq68a2tCq2N7TSmkfDUtG7EYUecgSBaYRFeCnf",
    "extra_ex": undefined,
    "interaction_type": "EMOTE",
    "remark": "RMRK::EMOTE::1.0.0::6707036-900D19DC7D3C444E4C-CNR-CANARY-0000000000000001::1F496",
    "version": "1.0.0",
  },
  {
    "block": 6712393,
    "caller": "F87P5Ab1QFq68a2tCq2N7TSmkfDUtG7EYUecgSBaYRFeCnf",
    "extra_ex": [
      {
        "call": "balances.transfer",
        "caller": "F87P5Ab1QFq68a2tCq2N7TSmkfDUtG7EYUecgSBaYRFeCnf",
        "value": "FqCJeGcPidYSsvvmT17fHVaYdE2nXMYgPsBn3CP9gugvZR5,150000000000",
      },
    ],
    "interaction_type": "BUY",
    "remark": "RMRK::BUY::1.0.0::6707036-900D19DC7D3C444E4C-CNR-CANARY-0000000000000001",
    "version": "1.0.0",
  },
  {
    "block": 6714180,
    "caller": "FqCJeGcPidYSsvvmT17fHVaYdE2nXMYgPsBn3CP9gugvZR5",
    "extra_ex": undefined,
    "interaction_type": "MINT",
    "remark": "RMRK::MINT::1.0.0::{"name"%3A"CANARY 100"%2C"max"%3A100%2C"symbol"%3A"CNR"%2C"version"%3A"1.0.0"%2C"issuer"%3A"FqCJeGcPidYSsvvmT17fHVaYdE2nXMYgPsBn3CP9gugvZR5"%2C"metadata"%3A"ipfs%3A%2F%2Fipfs%2FQmXvH9B2pbBSHPop4yj5QTBdC89ps3coD5UeBW8Uq2Kjm6"%2C"id"%3A"900D19DC7D3C444E4C-CNR"}",
    "version": "1.0.0",
  },
  {
    "block": 6720155,
    "caller": "FqCJeGcPidYSsvvmT17fHVaYdE2nXMYgPsBn3CP9gugvZR5",
    "extra_ex": undefined,
    "interaction_type": "MINT",
    "remark": "RMRK::MINT::1.0.0::{"name"%3A"Shades of Pink"%2C"symbol"%3A"SOP"%2C"max"%3A150%2C"version"%3A"1.0.0"%2C"issuer"%3A"FqCJeGcPidYSsvvmT17fHVaYdE2nXMYgPsBn3CP9gugvZR5"%2C"metadata"%3A"ipfs%3A%2F%2Fipfs%2FQmetyaBfwiHRJn3kwKyLYxUUDnLYQ5JiSpnMQggsmMKm9S"%2C"id"%3A"900D19DC7D3C444E4C-SOP"}",
    "version": "1.0.0",
  },
  {
    "block": 6720282,
    "caller": "FqCJeGcPidYSsvvmT17fHVaYdE2nXMYgPsBn3CP9gugvZR5",
    "extra_ex": undefined,
    "interaction_type": "MINTNFT",
    "remark": "RMRK::MINTNFT::1.0.0::{"collection"%3A"900D19DC7D3C444E4C-SOP"%2C"sn"%3A"0000000000000001"%2C"transferable"%3A1%2C"name"%3A"Koda forest"%2C"metadata"%3A"ipfs%3A%2F%2Fipfs%2FQmWhuPec6Pyv8vpCkRh6aDBTeoeZWwpj844byZm6grpyST"%2C"currentOwner"%3A"FqCJeGcPidYSsvvmT17fHVaYdE2nXMYgPsBn3CP9gugvZR5"%2C"instance"%3A"KODA_FOREST"}",
    "version": "1.0.0",
  },
  {
    "block": 6720282,
    "caller": "FqCJeGcPidYSsvvmT17fHVaYdE2nXMYgPsBn3CP9gugvZR5",
    "extra_ex": undefined,
    "interaction_type": "MINTNFT",
    "remark": "RMRK::MINTNFT::1.0.0::{"collection"%3A"900D19DC7D3C444E4C-SOP"%2C"sn"%3A"0000000000000002"%2C"transferable"%3A1%2C"name"%3A"Koda forest"%2C"metadata"%3A"ipfs%3A%2F%2Fipfs%2FQmQkEgLrVZRJd39NCJTs6smsbtRG2JUsosT3odjQuqHaQS"%2C"currentOwner"%3A"FqCJeGcPidYSsvvmT17fHVaYdE2nXMYgPsBn3CP9gugvZR5"%2C"instance"%3A"KODA_FOREST"}",
    "version": "1.0.0",
  },
  {
    "block": 6720282,
    "caller": "FqCJeGcPidYSsvvmT17fHVaYdE2nXMYgPsBn3CP9gugvZR5",
    "extra_ex": undefined,
    "interaction_type": "MINTNFT",
    "remark": "RMRK::MINTNFT::1.0.0::{"collection"%3A"900D19DC7D3C444E4C-SOP"%2C"sn"%3A"0000000000000003"%2C"transferable"%3A1%2C"name"%3A"Koda forest"%2C"metadata"%3A"ipfs%3A%2F%2Fipfs%2FQmccSwR8MwGcKZ9SDcH1SwtBwGPDDQ7Akc8LgCgUoh4uid"%2C"currentOwner"%3A"FqCJeGcPidYSsvvmT17fHVaYdE2nXMYgPsBn3CP9gugvZR5"%2C"instance"%3A"KODA_FOREST"}",
    "version": "1.0.0",
  },
  {
    "block": 6720282,
    "caller": "FqCJeGcPidYSsvvmT17fHVaYdE2nXMYgPsBn3CP9gugvZR5",
    "extra_ex": undefined,
    "interaction_type": "MINTNFT",
    "remark": "RMRK::MINTNFT::1.0.0::{"collection"%3A"900D19DC7D3C444E4C-SOP"%2C"sn"%3A"0000000000000004"%2C"transferable"%3A1%2C"name"%3A"Koda forest"%2C"metadata"%3A"ipfs%3A%2F%2Fipfs%2FQmTtsvFx2b3NsEZ9taeKc2gsLSPPwyvFmeku5gdbB79WXc"%2C"currentOwner"%3A"FqCJeGcPidYSsvvmT17fHVaYdE2nXMYgPsBn3CP9gugvZR5"%2C"instance"%3A"KODA_FOREST"}",
    "version": "1.0.0",
  },
  {
    "block": 6720282,
    "caller": "FqCJeGcPidYSsvvmT17fHVaYdE2nXMYgPsBn3CP9gugvZR5",
    "extra_ex": undefined,
    "interaction_type": "MINTNFT",
    "remark": "RMRK::MINTNFT::1.0.0::{"collection"%3A"900D19DC7D3C444E4C-SOP"%2C"sn"%3A"0000000000000005"%2C"transferable"%3A1%2C"name"%3A"Koda forest"%2C"metadata"%3A"ipfs%3A%2F%2Fipfs%2FQmYTPd5ff2jYXYLaZ1L4Dx2WiKYAWXWCzn3mSZPX6BCT1x"%2C"currentOwner"%3A"FqCJeGcPidYSsvvmT17fHVaYdE2nXMYgPsBn3CP9gugvZR5"%2C"instance"%3A"KODA_FOREST"}",
    "version": "1.0.0",
  },
  {
    "block": 6720335,
    "caller": "FqCJeGcPidYSsvvmT17fHVaYdE2nXMYgPsBn3CP9gugvZR5",
    "extra_ex": undefined,
    "interaction_type": "LIST",
    "remark": "RMRK::LIST::1.0.0::6720282-900D19DC7D3C444E4C-SOP-KODA_FOREST-0000000000000001::1111000000000",
    "version": "1.0.0",
  },
  {
    "block": 6720345,
    "caller": "FqCJeGcPidYSsvvmT17fHVaYdE2nXMYgPsBn3CP9gugvZR5",
    "extra_ex": undefined,
    "interaction_type": "LIST",
    "remark": "RMRK::LIST::1.0.0::6720282-900D19DC7D3C444E4C-SOP-KODA_FOREST-0000000000000002::1110000000000",
    "version": "1.0.0",
  },
  {
    "block": 6720353,
    "caller": "FqCJeGcPidYSsvvmT17fHVaYdE2nXMYgPsBn3CP9gugvZR5",
    "extra_ex": undefined,
    "interaction_type": "LIST",
    "remark": "RMRK::LIST::1.0.0::6720282-900D19DC7D3C444E4C-SOP-KODA_FOREST-0000000000000003::1110000000000",
    "version": "1.0.0",
  },
  {
    "block": 6720360,
    "caller": "FqCJeGcPidYSsvvmT17fHVaYdE2nXMYgPsBn3CP9gugvZR5",
    "extra_ex": undefined,
    "interaction_type": "LIST",
    "remark": "RMRK::LIST::1.0.0::6720282-900D19DC7D3C444E4C-SOP-KODA_FOREST-0000000000000004::1110000000000",
    "version": "1.0.0",
  },
  {
    "block": 6727347,
    "caller": "FqCJeGcPidYSsvvmT17fHVaYdE2nXMYgPsBn3CP9gugvZR5",
    "extra_ex": undefined,
    "interaction_type": "MINTNFT",
    "remark": "RMRK::MINTNFT::1.0.0::{"collection"%3A"900D19DC7D3C444E4C-SOP"%2C"sn"%3A"0000000000000001"%2C"transferable"%3A1%2C"name"%3A"Pink CANARY"%2C"metadata"%3A"ipfs%3A%2F%2Fipfs%2FQmfFKBH47cBcMt8xLGz2xoXNfCSMmubtUuG5hrYAomgmR9"%2C"currentOwner"%3A"FqCJeGcPidYSsvvmT17fHVaYdE2nXMYgPsBn3CP9gugvZR5"%2C"instance"%3A"PINK_CANARY"}",
    "version": "1.0.0",
  },
  {
    "block": 6727347,
    "caller": "FqCJeGcPidYSsvvmT17fHVaYdE2nXMYgPsBn3CP9gugvZR5",
    "extra_ex": undefined,
    "interaction_type": "MINTNFT",
    "remark": "RMRK::MINTNFT::1.0.0::{"collection"%3A"900D19DC7D3C444E4C-SOP"%2C"sn"%3A"0000000000000007"%2C"transferable"%3A1%2C"name"%3A"Pink CANARY"%2C"metadata"%3A"ipfs%3A%2F%2Fipfs%2FQmPd4KYcdWd2SJunecXeYmKuXBXEJo3vFAaD6LrC8phjox"%2C"currentOwner"%3A"FqCJeGcPidYSsvvmT17fHVaYdE2nXMYgPsBn3CP9gugvZR5"%2C"instance"%3A"PINK_CANARY"}",
    "version": "1.0.0",
  },
  {
    "block": 6727347,
    "caller": "FqCJeGcPidYSsvvmT17fHVaYdE2nXMYgPsBn3CP9gugvZR5",
    "extra_ex": undefined,
    "interaction_type": "MINTNFT",
    "remark": "RMRK::MINTNFT::1.0.0::{"collection"%3A"900D19DC7D3C444E4C-SOP"%2C"sn"%3A"0000000000000008"%2C"transferable"%3A1%2C"name"%3A"Pink CANARY"%2C"metadata"%3A"ipfs%3A%2F%2Fipfs%2FQmVUFuf2WZ1euJUc6K555pvLzRmqzgvFoc7unKkeFY9tin"%2C"currentOwner"%3A"FqCJeGcPidYSsvvmT17fHVaYdE2nXMYgPsBn3CP9gugvZR5"%2C"instance"%3A"PINK_CANARY"}",
    "version": "1.0.0",
  },
  {
    "block": 6727347,
    "caller": "FqCJeGcPidYSsvvmT17fHVaYdE2nXMYgPsBn3CP9gugvZR5",
    "extra_ex": undefined,
    "interaction_type": "MINTNFT",
    "remark": "RMRK::MINTNFT::1.0.0::{"collection"%3A"900D19DC7D3C444E4C-SOP"%2C"sn"%3A"0000000000000009"%2C"transferable"%3A1%2C"name"%3A"Pink CANARY"%2C"metadata"%3A"ipfs%3A%2F%2Fipfs%2FQmZ5Zvdma2c11zmxfxuocrZcfidxEpzHiLBJ5u4SJia6A4"%2C"currentOwner"%3A"FqCJeGcPidYSsvvmT17fHVaYdE2nXMYgPsBn3CP9gugvZR5"%2C"instance"%3A"PINK_CANARY"}",
    "version": "1.0.0",
  },
  {
    "block": 6727347,
    "caller": "FqCJeGcPidYSsvvmT17fHVaYdE2nXMYgPsBn3CP9gugvZR5",
    "extra_ex": undefined,
    "interaction_type": "MINTNFT",
    "remark": "RMRK::MINTNFT::1.0.0::{"collection"%3A"900D19DC7D3C444E4C-SOP"%2C"sn"%3A"0000000000000010"%2C"transferable"%3A1%2C"name"%3A"Pink CANARY"%2C"metadata"%3A"ipfs%3A%2F%2Fipfs%2FQmYkyJFYcWTFDJqkNV8j471xZJUfBFhNZ8MvBBWpNVSngM"%2C"currentOwner"%3A"FqCJeGcPidYSsvvmT17fHVaYdE2nXMYgPsBn3CP9gugvZR5"%2C"instance"%3A"PINK_CANARY"}",
    "version": "1.0.0",
  },
  {
    "block": 6727616,
    "caller": "FqCJeGcPidYSsvvmT17fHVaYdE2nXMYgPsBn3CP9gugvZR5",
    "extra_ex": undefined,
    "interaction_type": "LIST",
    "remark": "RMRK::LIST::1.0.0::6727347-900D19DC7D3C444E4C-SOP-PINK_CANARY-0000000000000001::2222000000000",
    "version": "1.0.0",
  },
  {
    "block": 6729052,
    "caller": "FqCJeGcPidYSsvvmT17fHVaYdE2nXMYgPsBn3CP9gugvZR5",
    "extra_ex": undefined,
    "interaction_type": "LIST",
    "remark": "RMRK::LIST::1.0.0::6727347-900D19DC7D3C444E4C-SOP-PINK_CANARY-0000000000000007::2222000000000",
    "version": "1.0.0",
  },
  {
    "block": 6729057,
    "caller": "FqCJeGcPidYSsvvmT17fHVaYdE2nXMYgPsBn3CP9gugvZR5",
    "extra_ex": undefined,
    "interaction_type": "LIST",
    "remark": "RMRK::LIST::1.0.0::6727347-900D19DC7D3C444E4C-SOP-PINK_CANARY-0000000000000008::2222000000000",
    "version": "1.0.0",
  },
  {
    "block": 6729064,
    "caller": "FqCJeGcPidYSsvvmT17fHVaYdE2nXMYgPsBn3CP9gugvZR5",
    "extra_ex": undefined,
    "interaction_type": "LIST",
    "remark": "RMRK::LIST::1.0.0::6727347-900D19DC7D3C444E4C-SOP-PINK_CANARY-0000000000000009::2222000000000",
    "version": "1.0.0",
  },
  {
    "block": 6743751,
    "caller": "D3LsmMFWAAg17WAzWVHAsw5vyDN5zky7y665LLjmzgXu5HL",
    "extra_ex": undefined,
    "interaction_type": "EMOTE",
    "remark": "RMRK::EMOTE::1.0.0::6727347-900D19DC7D3C444E4C-SOP-PINK_CANARY-0000000000000010::1F496",
    "version": "1.0.0",
  },
  {
    "block": 6744529,
    "caller": "FqCJeGcPidYSsvvmT17fHVaYdE2nXMYgPsBn3CP9gugvZR5",
    "extra_ex": undefined,
    "interaction_type": "MINTNFT",
    "remark": "RMRK::MINTNFT::1.0.0::{"collection"%3A"900D19DC7D3C444E4C-SOP"%2C"sn"%3A"0000000000000011"%2C"transferable"%3A1%2C"name"%3A"KUSAMA CANARY 1%2F5"%2C"metadata"%3A"ipfs%3A%2F%2Fipfs%2FQmTqMSQxWiBabFhyFpQsGMwffKeHNcEHGCwuxoSVbNnAto"%2C"currentOwner"%3A"FqCJeGcPidYSsvvmT17fHVaYdE2nXMYgPsBn3CP9gugvZR5"%2C"instance"%3A"KUSAMA_CANARY_15"}",
    "version": "1.0.0",
  },
  {
    "block": 6744529,
    "caller": "FqCJeGcPidYSsvvmT17fHVaYdE2nXMYgPsBn3CP9gugvZR5",
    "extra_ex": undefined,
    "interaction_type": "MINTNFT",
    "remark": "RMRK::MINTNFT::1.0.0::{"collection"%3A"900D19DC7D3C444E4C-SOP"%2C"sn"%3A"0000000000000012"%2C"transferable"%3A1%2C"name"%3A"KUSAMA CANARY 2%2F5"%2C"metadata"%3A"ipfs%3A%2F%2Fipfs%2FQmZ11iwi9rfwtbFDoLsQUv7UZwq87GN6eQZVi5fhrQeHmJ"%2C"currentOwner"%3A"FqCJeGcPidYSsvvmT17fHVaYdE2nXMYgPsBn3CP9gugvZR5"%2C"instance"%3A"KUSAMA_CANARY_25"}",
    "version": "1.0.0",
  },
  {
    "block": 6744529,
    "caller": "FqCJeGcPidYSsvvmT17fHVaYdE2nXMYgPsBn3CP9gugvZR5",
    "extra_ex": undefined,
    "interaction_type": "MINTNFT",
    "remark": "RMRK::MINTNFT::1.0.0::{"collection"%3A"900D19DC7D3C444E4C-SOP"%2C"sn"%3A"0000000000000013"%2C"transferable"%3A1%2C"name"%3A"KUSAMA CANARY 3%2F5"%2C"metadata"%3A"ipfs%3A%2F%2Fipfs%2FQme3EzTgPMjN3YHbEdVx6DrmW7DLhrH5evg2YS6RkbxZqb"%2C"currentOwner"%3A"FqCJeGcPidYSsvvmT17fHVaYdE2nXMYgPsBn3CP9gugvZR5"%2C"instance"%3A"KUSAMA_CANARY_35"}",
    "version": "1.0.0",
  },
  {
    "block": 6744529,
    "caller": "FqCJeGcPidYSsvvmT17fHVaYdE2nXMYgPsBn3CP9gugvZR5",
    "extra_ex": undefined,
    "interaction_type": "MINTNFT",
    "remark": "RMRK::MINTNFT::1.0.0::{"collection"%3A"900D19DC7D3C444E4C-SOP"%2C"sn"%3A"0000000000000014"%2C"transferable"%3A1%2C"name"%3A"KUSAMA CANARY 4%2F5"%2C"metadata"%3A"ipfs%3A%2F%2Fipfs%2FQmTfqEWTvFKm94LAsnfsGRSAmcttaJV2EdVBaDayu7o1RD"%2C"currentOwner"%3A"FqCJeGcPidYSsvvmT17fHVaYdE2nXMYgPsBn3CP9gugvZR5"%2C"instance"%3A"KUSAMA_CANARY_45"}",
    "version": "1.0.0",
  },
  {
    "block": 6744529,
    "caller": "FqCJeGcPidYSsvvmT17fHVaYdE2nXMYgPsBn3CP9gugvZR5",
    "extra_ex": undefined,
    "interaction_type": "MINTNFT",
    "remark": "RMRK::MINTNFT::1.0.0::{"collection"%3A"900D19DC7D3C444E4C-SOP"%2C"sn"%3A"0000000000000015"%2C"transferable"%3A1%2C"name"%3A"KUSAMA CANARY 5%2F5"%2C"metadata"%3A"ipfs%3A%2F%2Fipfs%2FQmUQMd7wGFWpFJYhiYd23b34aU1rEofYNVJnM3aupwtV4Y"%2C"currentOwner"%3A"FqCJeGcPidYSsvvmT17fHVaYdE2nXMYgPsBn3CP9gugvZR5"%2C"instance"%3A"KUSAMA_CANARY_55"}",
    "version": "1.0.0",
  },
  {
    "block": 6744604,
    "caller": "FqCJeGcPidYSsvvmT17fHVaYdE2nXMYgPsBn3CP9gugvZR5",
    "extra_ex": undefined,
    "interaction_type": "LIST",
    "remark": "RMRK::LIST::1.0.0::6744529-900D19DC7D3C444E4C-SOP-KUSAMA_CANARY_15-0000000000000011::3000000000000",
    "version": "1.0.0",
  },
  {
    "block": 6744609,
    "caller": "FqCJeGcPidYSsvvmT17fHVaYdE2nXMYgPsBn3CP9gugvZR5",
    "extra_ex": undefined,
    "interaction_type": "LIST",
    "remark": "RMRK::LIST::1.0.0::6744529-900D19DC7D3C444E4C-SOP-KUSAMA_CANARY_25-0000000000000012::3000000000000",
    "version": "1.0.0",
  },
  {
    "block": 6744613,
    "caller": "FqCJeGcPidYSsvvmT17fHVaYdE2nXMYgPsBn3CP9gugvZR5",
    "extra_ex": undefined,
    "interaction_type": "LIST",
    "remark": "RMRK::LIST::1.0.0::6744529-900D19DC7D3C444E4C-SOP-KUSAMA_CANARY_35-0000000000000013::3000000000000",
    "version": "1.0.0",
  },
  {
    "block": 6744620,
    "caller": "FqCJeGcPidYSsvvmT17fHVaYdE2nXMYgPsBn3CP9gugvZR5",
    "extra_ex": undefined,
    "interaction_type": "LIST",
    "remark": "RMRK::LIST::1.0.0::6744529-900D19DC7D3C444E4C-SOP-KUSAMA_CANARY_45-0000000000000014::3000000000000",
    "version": "1.0.0",
  },
  {
    "block": 6758715,
    "caller": "FqCJeGcPidYSsvvmT17fHVaYdE2nXMYgPsBn3CP9gugvZR5",
    "extra_ex": undefined,
    "interaction_type": "MINT",
    "remark": "RMRK::MINT::1.0.0::{"id"%3A"900D19DC7D3C444E4C-FTF"%2C"_id"%3A""%2C"symbol"%3A"FTF"%2C"issuer"%3A"FqCJeGcPidYSsvvmT17fHVaYdE2nXMYgPsBn3CP9gugvZR5"%2C"version"%3A"1.0.0"%2C"name"%3A"FrameToFrame"%2C"max"%3A1%2C"metadata"%3A"ipfs%3A%2F%2Fipfs%2FQmaodXLs631c3skuYCxqrRJ5DyfUE3gq6d1UyS2PcmMMks"}",
    "version": "1.0.0",
  },
  {
    "block": 6758715,
    "caller": "FqCJeGcPidYSsvvmT17fHVaYdE2nXMYgPsBn3CP9gugvZR5",
    "extra_ex": undefined,
    "interaction_type": "MINTNFT",
    "remark": "RMRK::MINTNFT::1.0.0::{"collection"%3A"900D19DC7D3C444E4C-FTF"%2C"sn"%3A"0000000000000001"%2C"transferable"%3A1%2C"name"%3A"FrameToFrame"%2C"metadata"%3A"ipfs%3A%2F%2Fipfs%2FQmaodXLs631c3skuYCxqrRJ5DyfUE3gq6d1UyS2PcmMMks"%2C"currentOwner"%3A"FqCJeGcPidYSsvvmT17fHVaYdE2nXMYgPsBn3CP9gugvZR5"%2C"instance"%3A"FRAMETOFRAME"}",
    "version": "1.0.0",
  },
  {
    "block": 6758766,
    "caller": "FqCJeGcPidYSsvvmT17fHVaYdE2nXMYgPsBn3CP9gugvZR5",
    "extra_ex": undefined,
    "interaction_type": "LIST",
    "remark": "RMRK::LIST::1.0.0::6758715-900D19DC7D3C444E4C-FTF-FRAMETOFRAME-0000000000000001::11111000000000",
    "version": "1.0.0",
  },
  {
    "block": 6763442,
    "caller": "FqCJeGcPidYSsvvmT17fHVaYdE2nXMYgPsBn3CP9gugvZR5",
    "extra_ex": undefined,
    "interaction_type": "MINT",
    "remark": "RMRK::MINT::1.0.0::{"id"%3A"900D19DC7D3C444E4C-PSH"%2C"_id"%3A""%2C"symbol"%3A"PSH"%2C"issuer"%3A"FqCJeGcPidYSsvvmT17fHVaYdE2nXMYgPsBn3CP9gugvZR5"%2C"version"%3A"1.0.0"%2C"name"%3A"Push the Button"%2C"max"%3A1%2C"metadata"%3A"ipfs%3A%2F%2Fipfs%2FQmTddsbhqE6BU6CYkT13e1QY681cng2kGz7Kf3pVfyQDVF"}",
    "version": "1.0.0",
  },
  {
    "block": 6763442,
    "caller": "FqCJeGcPidYSsvvmT17fHVaYdE2nXMYgPsBn3CP9gugvZR5",
    "extra_ex": undefined,
    "interaction_type": "MINTNFT",
    "remark": "RMRK::MINTNFT::1.0.0::{"collection"%3A"900D19DC7D3C444E4C-PSH"%2C"sn"%3A"0000000000000001"%2C"transferable"%3A1%2C"name"%3A"Push the Button"%2C"metadata"%3A"ipfs%3A%2F%2Fipfs%2FQmTddsbhqE6BU6CYkT13e1QY681cng2kGz7Kf3pVfyQDVF"%2C"currentOwner"%3A"FqCJeGcPidYSsvvmT17fHVaYdE2nXMYgPsBn3CP9gugvZR5"%2C"instance"%3A"PUSH_THE_BUTTON"}",
    "version": "1.0.0",
  },
  {
    "block": 6763476,
    "caller": "FqCJeGcPidYSsvvmT17fHVaYdE2nXMYgPsBn3CP9gugvZR5",
    "extra_ex": undefined,
    "interaction_type": "LIST",
    "remark": "RMRK::LIST::1.0.0::6763442-900D19DC7D3C444E4C-PSH-PUSH_THE_BUTTON-0000000000000001::1000000000000",
    "version": "1.0.0",
  },
]
`;

exports[`utils: filterBlockByCollection should return blocks filter by collection - 900D19DC7D3C444E4C-FTF 1`] = `
[
  {
    "block": 6758715,
    "caller": "FqCJeGcPidYSsvvmT17fHVaYdE2nXMYgPsBn3CP9gugvZR5",
    "extra_ex": undefined,
    "interaction_type": "MINT",
    "remark": "RMRK::MINT::1.0.0::{"id"%3A"900D19DC7D3C444E4C-FTF"%2C"_id"%3A""%2C"symbol"%3A"FTF"%2C"issuer"%3A"FqCJeGcPidYSsvvmT17fHVaYdE2nXMYgPsBn3CP9gugvZR5"%2C"version"%3A"1.0.0"%2C"name"%3A"FrameToFrame"%2C"max"%3A1%2C"metadata"%3A"ipfs%3A%2F%2Fipfs%2FQmaodXLs631c3skuYCxqrRJ5DyfUE3gq6d1UyS2PcmMMks"}",
    "version": "1.0.0",
  },
  {
    "block": 6758715,
    "caller": "FqCJeGcPidYSsvvmT17fHVaYdE2nXMYgPsBn3CP9gugvZR5",
    "extra_ex": undefined,
    "interaction_type": "MINTNFT",
    "remark": "RMRK::MINTNFT::1.0.0::{"collection"%3A"900D19DC7D3C444E4C-FTF"%2C"sn"%3A"0000000000000001"%2C"transferable"%3A1%2C"name"%3A"FrameToFrame"%2C"metadata"%3A"ipfs%3A%2F%2Fipfs%2FQmaodXLs631c3skuYCxqrRJ5DyfUE3gq6d1UyS2PcmMMks"%2C"currentOwner"%3A"FqCJeGcPidYSsvvmT17fHVaYdE2nXMYgPsBn3CP9gugvZR5"%2C"instance"%3A"FRAMETOFRAME"}",
    "version": "1.0.0",
  },
  {
    "block": 6758766,
    "caller": "FqCJeGcPidYSsvvmT17fHVaYdE2nXMYgPsBn3CP9gugvZR5",
    "extra_ex": undefined,
    "interaction_type": "LIST",
    "remark": "RMRK::LIST::1.0.0::6758715-900D19DC7D3C444E4C-FTF-FRAMETOFRAME-0000000000000001::11111000000000",
    "version": "1.0.0",
  },
]
`;

exports[`utils: getBlockCallsFromSignedBlock should Block calls from remarks with correct nested extras 1`] = `[]`;

exports[`utils: getRemarkData should take a remark string and turn into json 1`] = `
{
  "collection": "241B8516516F381A-OKSM",
  "metadata": "ipfs://ipfs/QmXwp5VsPmTdWvFKmc9VwnFkp9jN6ktFiKc5tSMHCuN4pW",
  "name": "Kusama Octahedron",
  "sn": "0000000000000004",
  "transferable": 1,
}
`;

exports[`utils: getRemarksFromBlocks should return remarks from blocks 1`] = `
[
  {
    "block": 4892957,
    "caller": "DmUVjSi8id22vcH26btyVsVq39p8EVPiepdBEYhzoLL8Qby",
    "extra_ex": undefined,
    "interaction_type": "MINT",
    "remark": "rmrk::MINT::{"version"%3A"RMRK0.1"%2C"name"%3A"Genesis limited edition obxium art NFTs on Kusama blockchain"%2C"max"%3A5%2C"issuer"%3A"DmUVjSi8id22vcH26btyVsVq39p8EVPiepdBEYhzoLL8Qby"%2C"symbol"%3A"OKSM"%2C"id"%3A"241B8516516F381A-OKSM"%2C"metadata"%3A"ipfs%3A//ipfs/QmTcaAPWPY5NinmCdDJAi6YFmyag41UEy4SpE1jn4Xdhnx"}",
    "version": "0.1",
  },
  {
    "block": 4892977,
    "caller": "DmUVjSi8id22vcH26btyVsVq39p8EVPiepdBEYhzoLL8Qby",
    "extra_ex": undefined,
    "interaction_type": "MINTNFT",
    "remark": "rmrk::MINTNFT::{"collection"%3A"241B8516516F381A-OKSM"%2C"name"%3A"Kusama Cube"%2C"transferable"%3A1%2C"sn"%3A"0000000000000001"%2C"metadata"%3A"ipfs%3A//ipfs/QmQGFnoHCRtAcPaWcoiTHHTJ7TEhrpur5WbZSjZdeY3bEp"}",
    "version": "0.1",
  },
  {
    "block": 4893005,
    "caller": "DmUVjSi8id22vcH26btyVsVq39p8EVPiepdBEYhzoLL8Qby",
    "extra_ex": undefined,
    "interaction_type": "MINTNFT",
    "remark": "rmrk::MINTNFT::{"collection"%3A"241B8516516F381A-OKSM"%2C"name"%3A"Kusama Dodecahedron"%2C"transferable"%3A1%2C"sn"%3A"0000000000000003"%2C"metadata"%3A"ipfs%3A//ipfs/QmUn5sn7rZwzoT65KZZ3pfmE9SoeK556R1z7715yqYWvHW"}",
    "version": "0.1",
  },
  {
    "block": 4893017,
    "caller": "DmUVjSi8id22vcH26btyVsVq39p8EVPiepdBEYhzoLL8Qby",
    "extra_ex": undefined,
    "interaction_type": "MINTNFT",
    "remark": "rmrk::MINTNFT::{"collection"%3A"241B8516516F381A-OKSM"%2C"name"%3A"Kusama Octahedron"%2C"transferable"%3A1%2C"sn"%3A"0000000000000004"%2C"metadata"%3A"ipfs%3A//ipfs/QmXwp5VsPmTdWvFKmc9VwnFkp9jN6ktFiKc5tSMHCuN4pW"}",
    "version": "0.1",
  },
  {
    "block": 4893031,
    "caller": "DmUVjSi8id22vcH26btyVsVq39p8EVPiepdBEYhzoLL8Qby",
    "extra_ex": undefined,
    "interaction_type": "MINTNFT",
    "remark": "rmrk::MINTNFT::{"collection"%3A"241B8516516F381A-OKSM"%2C"name"%3A"Kusama Icosahedron"%2C"transferable"%3A1%2C"sn"%3A"0000000000000005"%2C"metadata"%3A"ipfs%3A//ipfs/QmS4mDbM1nT2bdqr3su8GWtJSRxWTdtA5NGjg55xjXqdRX"}",
    "version": "0.1",
  },
  {
    "block": 4893349,
    "caller": "DmUVjSi8id22vcH26btyVsVq39p8EVPiepdBEYhzoLL8Qby",
    "extra_ex": undefined,
    "interaction_type": "SEND",
    "remark": "rmrk::SEND::0.1::241B8516516F381A-OKSM-Kusama%20Cube-0000000000000001%3A%3ACpjsLDC1JFyrhm3ftC9Gs4QoyrkHKhZKtK7YqGTRFtTafgp",
    "version": "0.1",
  },
  {
    "block": 4960562,
    "caller": "DmUVjSi8id22vcH26btyVsVq39p8EVPiepdBEYhzoLL8Qby",
    "extra_ex": undefined,
    "interaction_type": "SEND",
    "remark": "rmrk::SEND::0.1::241B8516516F381A-OKSM-Kusama%20Tetrahedron-0000000000000002%3A%3AFac4Kv1dQYWTSt4TqU2SiKuLXs8Sj4qwsXNqdDAvYicmiu9",
    "version": "0.1",
  },
  {
    "block": 6302530,
    "caller": "DUyAjx5KwFrv7JbdUtvTzvHJFsTaEzzgyeVTUp9TjatS8Lx",
    "extra_ex": undefined,
    "interaction_type": "MINTNFT",
    "remark": "RMRK::MINTNFT::RMRK1.0.0::{"collection"%3A"282781680602E07B32-FUT"%2C"sn"%3A"0000000000000001"%2C"transferable"%3A1%2C"name"%3A"Future %231"%2C"metadata"%3A"ipfs%3A%2F%2Fipfs%2FQmPgW6zX5Depv5QRmLXzGGVQ32XYrtJpFPmkUVxxhb5NA2"%2C"currentOwner"%3A"DUyAjx5KwFrv7JbdUtvTzvHJFsTaEzzgyeVTUp9TjatS8Lx"%2C"instance"%3A"FUTURE_1"}",
    "version": "0.1",
  },
  {
    "block": 6302581,
    "caller": "DUyAjx5KwFrv7JbdUtvTzvHJFsTaEzzgyeVTUp9TjatS8Lx",
    "extra_ex": undefined,
    "interaction_type": "MINTNFT",
    "remark": "RMRK::MINTNFT::RMRK1.0.0::{"collection"%3A"282781680602E07B32-FUT"%2C"sn"%3A"0000000000000003"%2C"transferable"%3A1%2C"name"%3A"Blade runner"%2C"metadata"%3A"ipfs%3A%2F%2Fipfs%2FQmUg7a7juDxc7hfk7cuY5scx7StXbXHJfHEHB3FUQxJBKJ"%2C"currentOwner"%3A"DUyAjx5KwFrv7JbdUtvTzvHJFsTaEzzgyeVTUp9TjatS8Lx"%2C"instance"%3A"BLADE_RUNNER"}",
    "version": "0.1",
  },
  {
    "block": 6302622,
    "caller": "DUyAjx5KwFrv7JbdUtvTzvHJFsTaEzzgyeVTUp9TjatS8Lx",
    "extra_ex": undefined,
    "interaction_type": "MINT",
    "remark": "RMRK::MINT::RMRK1.0.0::{"name"%3A"Future%232"%2C"max"%3A3%2C"symbol"%3A"FUT"%2C"version"%3A"RMRK1.0.0"%2C"issuer"%3A"DUyAjx5KwFrv7JbdUtvTzvHJFsTaEzzgyeVTUp9TjatS8Lx"%2C"metadata"%3A"ipfs%3A%2F%2Fipfs%2FQmNMgKU9GnSam44k8xzif21f91S2GSWR5ATZbPQFsji8aD"%2C"id"%3A"282781680602E07B32-FUT"}",
    "version": "0.1",
  },
  {
    "block": 55661,
    "caller": "Gi5xtagP3JSTT7XWCta69JbuSpMv3EPKo4opVRcY76rNnh2",
    "extra_ex": [
      {
        "call": "balances.transfer",
        "caller": "Gi5xtagP3JSTT7XWCta69JbuSpMv3EPKo4opVRcY76rNnh2",
        "value": "15oF4uVJwmo4TdGW7VfQxNLavjCXviqxT9S1MgbjMNHr6Sp5,1000000000000",
      },
    ],
    "interaction_type": "BUY",
    "remark": "RMRK::BUY::1.0.0::89-d43593c715a56da27d-KAN-KANL-0000000000001025",
    "version": "1.0.0",
  },
]
`;
